ca/mcmaster/se2aa4/island/team121/dronestate/doubleinterlaced/North2SouthUTurnEastDI.class
ca/mcmaster/se2aa4/island/team121/modules/Flyer.class
ca/mcmaster/se2aa4/island/team121/modules/jsonformatters/DefaultJSONFormatter.class
ca/mcmaster/se2aa4/island/team121/businessdrivenobjects/Heading.class
ca/mcmaster/se2aa4/island/team121/dronestate/doubleinterlaced/FlySouthEastDI.class
ca/mcmaster/se2aa4/island/team121/dronestate/gridsearch/TurnNorthAfterStart.class
ca/mcmaster/se2aa4/island/team121/dronestate/doubleinterlaced/NorthSouthCheckDI.class
ca/mcmaster/se2aa4/island/team121/dronestate/doubleinterlaced/South2NorthUTurnWestDI.class
ca/mcmaster/se2aa4/island/team121/dronestate/gridsearch/North2SouthProg.class
ca/mcmaster/se2aa4/island/team121/businessdrivenobjects/Action.class
ca/mcmaster/se2aa4/island/team121/records/RelativeMap$1.class
ca/mcmaster/se2aa4/island/team121/records/MapInspector.class
ca/mcmaster/se2aa4/island/team121/modules/Turner.class
ca/mcmaster/se2aa4/island/team121/dronestate/gridsearch/North2SouthEast.class
ca/mcmaster/se2aa4/island/team121/jsonparser/JSONParser.class
ca/mcmaster/se2aa4/island/team121/modules/jsonformatters/JSONFormatter.class
ca/mcmaster/se2aa4/island/team121/dronestate/doubleinterlaced/North2SouthUTurnWestDI.class
ca/mcmaster/se2aa4/island/team121/dronestate/doubleinterlaced/FlyStraightDI.class
ca/mcmaster/se2aa4/island/team121/businessdrivenobjects/Point.class
ca/mcmaster/se2aa4/island/team121/records/MapUpdater.class
ca/mcmaster/se2aa4/island/team121/dronestate/gridsearch/South2NorthEast.class
ca/mcmaster/se2aa4/island/team121/dronestate/doubleinterlaced/GridSearchStartDI.class
ca/mcmaster/se2aa4/island/team121/dronestate/doubleinterlaced/TurnBackSouthEast.class
ca/mcmaster/se2aa4/island/team121/dronestate/doubleinterlaced/TurnBackNorthWest.class
ca/mcmaster/se2aa4/island/team121/dronestate/doubleinterlaced/FlyNorthWestDI.class
ca/mcmaster/se2aa4/island/team121/modules/Module.class
ca/mcmaster/se2aa4/island/team121/businessdrivenobjects/TileRecord.class
ca/mcmaster/se2aa4/island/team121/dronestate/doubleinterlaced/TurnBackSouthWest.class
ca/mcmaster/se2aa4/island/team121/dronestate/State.class
ca/mcmaster/se2aa4/island/team121/modules/Radar.class
ca/mcmaster/se2aa4/island/team121/dronestate/gridsearch/TurnSouthAfterStart.class
ca/mcmaster/se2aa4/island/team121/dronestate/doubleinterlaced/TurnBackNorthEast.class
ca/mcmaster/se2aa4/island/team121/modules/jsonformatters/DefaultHeadingJSONFormatter.class
ca/mcmaster/se2aa4/island/team121/records/RelativeMap.class
ca/mcmaster/se2aa4/island/team121/dronestate/doubleinterlaced/South2NorthUTurnEastDI.class
ca/mcmaster/se2aa4/island/team121/dronestate/gridsearch/South2NorthProg.class
ca/mcmaster/se2aa4/island/team121/dronestate/gridsearch/GridSearchStart.class
ca/mcmaster/se2aa4/island/team121/dronestate/gridsearch/FlyStraightNorth.class
ca/mcmaster/se2aa4/island/team121/modules/ModuleWithHeading.class
ca/mcmaster/se2aa4/island/team121/dronestate/doubleinterlaced/FlyNorthEastDI.class
ca/mcmaster/se2aa4/island/team121/modules/Stopper.class
ca/mcmaster/se2aa4/island/team121/dronestate/gridsearch/FlySouth.class
ca/mcmaster/se2aa4/island/team121/Runner.class
ca/mcmaster/se2aa4/island/team121/dronestate/doubleinterlaced/TurnAfterStartDI.class
ca/mcmaster/se2aa4/island/team121/modules/jsonformatters/HeadingJSONFormatter.class
ca/mcmaster/se2aa4/island/team121/dronestate/doubleinterlaced/TurnAfterNorthSouthCheckDI.class
ca/mcmaster/se2aa4/island/team121/modules/Scanner.class
ca/mcmaster/se2aa4/island/team121/dronestate/doubleinterlaced/FlySouthWestDI.class
ca/mcmaster/se2aa4/island/team121/businessdrivenobjects/TileType.class
ca/mcmaster/se2aa4/island/team121/Explorer.class
ca/mcmaster/se2aa4/island/team121/jsonparser/DefaultJSONParser.class
ca/mcmaster/se2aa4/island/team121/dronestate/gridsearch/FlyStraight.class
ca/mcmaster/se2aa4/island/team121/dronestate/Stop.class
ca/mcmaster/se2aa4/island/team121/dronestate/gridsearch/FlyNorth.class
ca/mcmaster/se2aa4/island/team121/records/AttributeRecord.class
