/Users/zayedumer/Documents/2AA4/a2-rescue-mission-team-121/src/main/java/ca/mcmaster/se2aa4/island/team121/modules/Module.java
/Users/zayedumer/Documents/2AA4/a2-rescue-mission-team-121/src/main/java/ca/mcmaster/se2aa4/island/team121/dronestate/doubleinterlaced/TurnBackSouthWest.java
/Users/zayedumer/Documents/2AA4/a2-rescue-mission-team-121/src/main/java/ca/mcmaster/se2aa4/island/team121/dronestate/doubleinterlaced/TurnBackNorthEast.java
/Users/zayedumer/Documents/2AA4/a2-rescue-mission-team-121/src/main/java/ca/mcmaster/se2aa4/island/team121/modules/ModuleWithHeading.java
/Users/zayedumer/Documents/2AA4/a2-rescue-mission-team-121/src/main/java/ca/mcmaster/se2aa4/island/team121/Explorer.java
/Users/zayedumer/Documents/2AA4/a2-rescue-mission-team-121/src/main/java/ca/mcmaster/se2aa4/island/team121/businessdrivenobjects/Heading.java
/Users/zayedumer/Documents/2AA4/a2-rescue-mission-team-121/src/main/java/ca/mcmaster/se2aa4/island/team121/dronestate/doubleinterlaced/North2SouthUTurnEastDI.java
/Users/zayedumer/Documents/2AA4/a2-rescue-mission-team-121/src/main/java/ca/mcmaster/se2aa4/island/team121/dronestate/gridsearch/GridSearchStart.java
/Users/zayedumer/Documents/2AA4/a2-rescue-mission-team-121/src/main/java/ca/mcmaster/se2aa4/island/team121/modules/jsonformatters/DefaultJSONFormatter.java
/Users/zayedumer/Documents/2AA4/a2-rescue-mission-team-121/src/main/java/ca/mcmaster/se2aa4/island/team121/Runner.java
/Users/zayedumer/Documents/2AA4/a2-rescue-mission-team-121/src/main/java/ca/mcmaster/se2aa4/island/team121/modules/Flyer.java
/Users/zayedumer/Documents/2AA4/a2-rescue-mission-team-121/src/main/java/ca/mcmaster/se2aa4/island/team121/modules/jsonformatters/JSONFormatter.java
/Users/zayedumer/Documents/2AA4/a2-rescue-mission-team-121/src/main/java/ca/mcmaster/se2aa4/island/team121/dronestate/doubleinterlaced/FlySouthEastDI.java
/Users/zayedumer/Documents/2AA4/a2-rescue-mission-team-121/src/main/java/ca/mcmaster/se2aa4/island/team121/records/RelativeMap.java
/Users/zayedumer/Documents/2AA4/a2-rescue-mission-team-121/src/main/java/ca/mcmaster/se2aa4/island/team121/modules/Radar.java
/Users/zayedumer/Documents/2AA4/a2-rescue-mission-team-121/src/main/java/ca/mcmaster/se2aa4/island/team121/businessdrivenobjects/Action.java
/Users/zayedumer/Documents/2AA4/a2-rescue-mission-team-121/src/main/java/ca/mcmaster/se2aa4/island/team121/modules/Scanner.java
/Users/zayedumer/Documents/2AA4/a2-rescue-mission-team-121/src/main/java/ca/mcmaster/se2aa4/island/team121/modules/jsonformatters/DefaultHeadingJSONFormatter.java
/Users/zayedumer/Documents/2AA4/a2-rescue-mission-team-121/src/main/java/ca/mcmaster/se2aa4/island/team121/dronestate/doubleinterlaced/FlyNorthWestDI.java
/Users/zayedumer/Documents/2AA4/a2-rescue-mission-team-121/src/main/java/ca/mcmaster/se2aa4/island/team121/dronestate/doubleinterlaced/GridSearchStartDI.java
/Users/zayedumer/Documents/2AA4/a2-rescue-mission-team-121/src/main/java/ca/mcmaster/se2aa4/island/team121/dronestate/gridsearch/FlyStraightNorth.java
/Users/zayedumer/Documents/2AA4/a2-rescue-mission-team-121/src/main/java/ca/mcmaster/se2aa4/island/team121/dronestate/Stop.java
/Users/zayedumer/Documents/2AA4/a2-rescue-mission-team-121/src/main/java/ca/mcmaster/se2aa4/island/team121/records/MapInspector.java
/Users/zayedumer/Documents/2AA4/a2-rescue-mission-team-121/src/main/java/ca/mcmaster/se2aa4/island/team121/dronestate/gridsearch/FlySouth.java
/Users/zayedumer/Documents/2AA4/a2-rescue-mission-team-121/src/main/java/ca/mcmaster/se2aa4/island/team121/dronestate/doubleinterlaced/North2SouthUTurnWestDI.java
/Users/zayedumer/Documents/2AA4/a2-rescue-mission-team-121/src/main/java/ca/mcmaster/se2aa4/island/team121/records/MapUpdater.java
/Users/zayedumer/Documents/2AA4/a2-rescue-mission-team-121/src/main/java/ca/mcmaster/se2aa4/island/team121/businessdrivenobjects/Point.java
/Users/zayedumer/Documents/2AA4/a2-rescue-mission-team-121/src/main/java/ca/mcmaster/se2aa4/island/team121/records/AttributeRecord.java
/Users/zayedumer/Documents/2AA4/a2-rescue-mission-team-121/src/main/java/ca/mcmaster/se2aa4/island/team121/jsonparser/JSONParser.java
/Users/zayedumer/Documents/2AA4/a2-rescue-mission-team-121/src/main/java/ca/mcmaster/se2aa4/island/team121/dronestate/gridsearch/TurnNorthAfterStart.java
/Users/zayedumer/Documents/2AA4/a2-rescue-mission-team-121/src/main/java/ca/mcmaster/se2aa4/island/team121/dronestate/doubleinterlaced/FlyStraightDI.java
/Users/zayedumer/Documents/2AA4/a2-rescue-mission-team-121/src/main/java/ca/mcmaster/se2aa4/island/team121/dronestate/gridsearch/South2NorthEast.java
/Users/zayedumer/Documents/2AA4/a2-rescue-mission-team-121/src/main/java/ca/mcmaster/se2aa4/island/team121/dronestate/doubleinterlaced/FlyNorthEastDI.java
/Users/zayedumer/Documents/2AA4/a2-rescue-mission-team-121/src/main/java/ca/mcmaster/se2aa4/island/team121/dronestate/doubleinterlaced/TurnBackSouthEast.java
/Users/zayedumer/Documents/2AA4/a2-rescue-mission-team-121/src/main/java/ca/mcmaster/se2aa4/island/team121/businessdrivenobjects/TileRecord.java
/Users/zayedumer/Documents/2AA4/a2-rescue-mission-team-121/src/main/java/ca/mcmaster/se2aa4/island/team121/businessdrivenobjects/TileType.java
/Users/zayedumer/Documents/2AA4/a2-rescue-mission-team-121/src/main/java/ca/mcmaster/se2aa4/island/team121/dronestate/doubleinterlaced/TurnAfterNorthSouthCheckDI.java
/Users/zayedumer/Documents/2AA4/a2-rescue-mission-team-121/src/main/java/ca/mcmaster/se2aa4/island/team121/dronestate/doubleinterlaced/TurnBackNorthWest.java
/Users/zayedumer/Documents/2AA4/a2-rescue-mission-team-121/src/main/java/ca/mcmaster/se2aa4/island/team121/modules/Turner.java
/Users/zayedumer/Documents/2AA4/a2-rescue-mission-team-121/src/main/java/ca/mcmaster/se2aa4/island/team121/dronestate/doubleinterlaced/South2NorthUTurnEastDI.java
/Users/zayedumer/Documents/2AA4/a2-rescue-mission-team-121/src/main/java/ca/mcmaster/se2aa4/island/team121/modules/jsonformatters/HeadingJSONFormatter.java
/Users/zayedumer/Documents/2AA4/a2-rescue-mission-team-121/src/main/java/ca/mcmaster/se2aa4/island/team121/dronestate/doubleinterlaced/FlySouthWestDI.java
/Users/zayedumer/Documents/2AA4/a2-rescue-mission-team-121/src/main/java/ca/mcmaster/se2aa4/island/team121/dronestate/doubleinterlaced/South2NorthUTurnWestDI.java
/Users/zayedumer/Documents/2AA4/a2-rescue-mission-team-121/src/main/java/ca/mcmaster/se2aa4/island/team121/dronestate/gridsearch/North2SouthEast.java
/Users/zayedumer/Documents/2AA4/a2-rescue-mission-team-121/src/main/java/ca/mcmaster/se2aa4/island/team121/dronestate/doubleinterlaced/TurnAfterStartDI.java
/Users/zayedumer/Documents/2AA4/a2-rescue-mission-team-121/src/main/java/ca/mcmaster/se2aa4/island/team121/dronestate/gridsearch/South2NorthProg.java
/Users/zayedumer/Documents/2AA4/a2-rescue-mission-team-121/src/main/java/ca/mcmaster/se2aa4/island/team121/dronestate/gridsearch/TurnSouthAfterStart.java
/Users/zayedumer/Documents/2AA4/a2-rescue-mission-team-121/src/main/java/ca/mcmaster/se2aa4/island/team121/modules/Stopper.java
/Users/zayedumer/Documents/2AA4/a2-rescue-mission-team-121/src/main/java/ca/mcmaster/se2aa4/island/team121/jsonparser/DefaultJSONParser.java
/Users/zayedumer/Documents/2AA4/a2-rescue-mission-team-121/src/main/java/ca/mcmaster/se2aa4/island/team121/dronestate/State.java
/Users/zayedumer/Documents/2AA4/a2-rescue-mission-team-121/src/main/java/ca/mcmaster/se2aa4/island/team121/dronestate/doubleinterlaced/NorthSouthCheckDI.java
/Users/zayedumer/Documents/2AA4/a2-rescue-mission-team-121/src/main/java/ca/mcmaster/se2aa4/island/team121/dronestate/gridsearch/North2SouthProg.java
/Users/zayedumer/Documents/2AA4/a2-rescue-mission-team-121/src/main/java/ca/mcmaster/se2aa4/island/team121/dronestate/gridsearch/FlyStraight.java
/Users/zayedumer/Documents/2AA4/a2-rescue-mission-team-121/src/main/java/ca/mcmaster/se2aa4/island/team121/dronestate/gridsearch/FlyNorth.java
