ca/mcmaster/se2aa4/island/team121/recordtests/TestMap.class
ca/mcmaster/se2aa4/island/team121/moduletests/JSONFormattersTest/JSONFormattersTest/DefaultHeadingJSONFormatterTest.class
ca/mcmaster/se2aa4/island/team121/moduletests/ScannerTest.class
ca/mcmaster/se2aa4/island/team121/recordtests/RelativeMapTest.class
ca/mcmaster/se2aa4/island/team121/moduletests/TurnerTest.class
ca/mcmaster/se2aa4/island/team121/statetest/TestingState.class
ca/mcmaster/se2aa4/island/team121/jsonparsertest/DefaultJSONParserTest.class
ca/mcmaster/se2aa4/island/team121/recordtests/PointTest.class
ca/mcmaster/se2aa4/island/team121/TileRecordTest.class
ca/mcmaster/se2aa4/island/team121/recordtests/AttributeRecordTest.class
ca/mcmaster/se2aa4/island/team121/moduletests/RadarTest.class
ca/mcmaster/se2aa4/island/team121/moduletests/FlyerTest.class
ca/mcmaster/se2aa4/island/team121/moduletests/JSONFormattersTest/JSONFormattersTest/DefaultJSONFormatterTest.class
ca/mcmaster/se2aa4/island/team121/statetest/StateTest.class
