/Users/zayedumer/Documents/2AA4/a2-rescue-mission-team-121/src/test/java/ca/mcmaster/se2aa4/island/team121/recordtests/PointTest.java
/Users/zayedumer/Documents/2AA4/a2-rescue-mission-team-121/src/test/java/ca/mcmaster/se2aa4/island/team121/moduletests/ScannerTest.java
/Users/zayedumer/Documents/2AA4/a2-rescue-mission-team-121/src/test/java/ca/mcmaster/se2aa4/island/team121/moduletests/JSONFormattersTest/JSONFormattersTest/DefaultHeadingJSONFormatterTest.java
/Users/zayedumer/Documents/2AA4/a2-rescue-mission-team-121/src/test/java/ca/mcmaster/se2aa4/island/team121/TileRecordTest.java
/Users/zayedumer/Documents/2AA4/a2-rescue-mission-team-121/src/test/java/ca/mcmaster/se2aa4/island/team121/recordtests/AttributeRecordTest.java
/Users/zayedumer/Documents/2AA4/a2-rescue-mission-team-121/src/test/java/ca/mcmaster/se2aa4/island/team121/jsonparsertest/DefaultJSONParserTest.java
/Users/zayedumer/Documents/2AA4/a2-rescue-mission-team-121/src/test/java/ca/mcmaster/se2aa4/island/team121/moduletests/RadarTest.java
/Users/zayedumer/Documents/2AA4/a2-rescue-mission-team-121/src/test/java/ca/mcmaster/se2aa4/island/team121/statetest/StateTest.java
/Users/zayedumer/Documents/2AA4/a2-rescue-mission-team-121/src/test/java/ca/mcmaster/se2aa4/island/team121/moduletests/FlyerTest.java
/Users/zayedumer/Documents/2AA4/a2-rescue-mission-team-121/src/test/java/ca/mcmaster/se2aa4/island/team121/moduletests/TurnerTest.java
/Users/zayedumer/Documents/2AA4/a2-rescue-mission-team-121/src/test/java/ca/mcmaster/se2aa4/island/team121/recordtests/RelativeMapTest.java
/Users/zayedumer/Documents/2AA4/a2-rescue-mission-team-121/src/test/java/ca/mcmaster/se2aa4/island/team121/moduletests/JSONFormattersTest/JSONFormattersTest/DefaultJSONFormatterTest.java
